{
    "clGetProgramBuildInfo": {
        "CL_PROGRAM_BUILD_STATUS": 0,
        "device": "0x5e89bfa44800",
        "program": "0x5e89c00ef340"
    }
},
{
    "clGetMemObjectInfo": {
        "CL_MEM_SIZE": 512,
        "memObj": "0x5e89bf6d14c0"
    }
},
{
    "clGetMemObjectInfo": {
        "CL_MEM_SIZE": 512,
        "memObj": "0x5e89bf6d14c0"
    }
},
{
    "clGetMemObjectInfo": {
        "CL_MEM_SIZE": 512,
        "memObj": "0x5e89bf6d14c0"
    }
},
{
    "clGetMemObjectInfo": {
        "CL_MEM_SIZE": 512,
        "memObj": "0x5e89bf6d14c0"
    }
},
{
    "clGetMemObjectInfo": {
        "CL_MEM_SIZE": 512,
        "memObj": "0x5e89bf6d14c0"
    }
},
